Camera make          : QCOM-AA
Camera model         : QCAM-AA
Software             : IMX230-S-21
Bits per sample      : 0
Image width          : 3672
Image height         : 4896
Image description    : 
Image orientation    : 1
Image copyright      : 
Image date/time      : 2016:02:16 14:01:15
Original date/time   : 2016:02:16 14:01:15
Digitize date/time   : 2016:02:16 14:01:15
Subsecond time       : 728730
Exposure time        : 1/573 s
F-stop               : f/2.2
ISO speed            : 50
Subject distance     : 0.000000 m
Exposure bias        : 0.000000 EV
Flash used?          : 0
Metering mode        : 2
Lens focal length    : 4.750000 mm
35mm focal length    : 27 mm
GPS Latitude         : 49.214214 deg (49.000000 deg, 12.000000 min, 51.170000 sec N)
GPS Longitude        : 11.461042 deg (11.000000 deg, 27.000000 min, 39.750000 sec E)
GPS Altitude         : 491.000000 m
GPS Precision (DOP)  : 0.000000
Lens min focal length: 0.000000 mm
Lens max focal length: 0.000000 mm
Lens f-stop min      : f/0.0
Lens f-stop max      : f/0.0
Lens make            : 
Lens model           : 
Focal plane XRes     : 0.000000
Focal plane YRes     : 0.000000
