Camera make          : Canon
Camera model         : Canon PowerShot S400
Software             : Adobe Photoshop 7.0
Bits per sample      : 0
Image width          : 400
Image height         : 300
Image description    : 
Image orientation    : 1
Image copyright      : 
Image date/time      : 2003:05:25 11:11:41
Original date/time   : 2003:05:24 16:40:33
Digitize date/time   : 2003:05:24 16:40:33
Subsecond time       : 
Exposure time        : 1/8 s
F-stop               : f/2.8
ISO speed            : 0
Subject distance     : 0.000000 m
Exposure bias        : 0.000000 EV
Flash used?          : 0
Metering mode        : 5
Lens focal length    : 7.406250 mm
35mm focal length    : 0 mm
GPS Latitude         : 0.000000 deg (0.000000 deg, 0.000000 min, 0.000000 sec ?)
GPS Longitude        : 0.000000 deg (0.000000 deg, 0.000000 min, 0.000000 sec ?)
GPS Altitude         : 0.000000 m
GPS Precision (DOP)  : 0.000000
Lens min focal length: 0.000000 mm
Lens max focal length: 0.000000 mm
Lens f-stop min      : f/0.0
Lens f-stop max      : f/0.0
Lens make            : 
Lens model           : 
Focal plane XRes     : 8114.285714
Focal plane YRes     : 8114.285714
