Camera make          : OLYMPUS IMAGING CORP.
Camera model         : E-510
Software             : ACD Systems Digital Imaging
Bits per sample      : 0
Image width          : 912
Image height         : 684
Image description    : OLYMPUS DIGITAL CAMERA
Image orientation    : 1
Image copyright      : 
Image date/time      : 2008:09:13 17:07:15
Original date/time   : 2008:09:02 12:39:38
Digitize date/time   : 2008:09:02 12:39:38
Subsecond time       : 0
Exposure time        : 1/640 s
F-stop               : f/4.5
ISO speed            : 0
Subject distance     : 0.000000 m
Exposure bias        : 0.000000 EV
Flash used?          : 0
Metering mode        : 2
Lens focal length    : 14.000000 mm
35mm focal length    : 0 mm
GPS Latitude         : 0.000000 deg (0.000000 deg, 0.000000 min, 0.000000 sec ?)
GPS Longitude        : 0.000000 deg (0.000000 deg, 0.000000 min, 0.000000 sec ?)
GPS Altitude         : 0.000000 m
GPS Precision (DOP)  : 0.000000
Lens min focal length: 0.000000 mm
Lens max focal length: 0.000000 mm
Lens f-stop min      : f/0.0
Lens f-stop max      : f/0.0
Lens make            : 
Lens model           : 
Focal plane XRes     : 0.000000
Focal plane YRes     : 0.000000
