InteropIndex         : 
Camera make          : 
Camera model         : 
Software             : 
Bits per sample      : 0
Color Space          : 0
Image width          : 0
Image height         : 0
Image description    : 
Image orientation    : 8
Image copyright      : 
Image date/time      : 
Original date/time   : 
Digitize date/time   : 
Subsecond time       : 
Exposure time        : 1/0 s
F-stop               : f/0.0
Exposure program     : 0
ISO speed            : 0
Subject distance     : 0.000000 m
Exposure bias        : 0.000000 EV
Flash used?          : 0
Flash returned light : 0
Flash mode           : 0
Metering mode        : 0
Lens focal length    : 0.000000 mm
35mm focal length    : 0 mm
GPS Latitude         : 0.000000 deg (0.000000 deg, 0.000000 min, 0.000000 sec ?)
GPS Longitude        : 0.000000 deg (0.000000 deg, 0.000000 min, 0.000000 sec ?)
GPS Altitude         : 0.000000 m
GPS Precision (DOP)  : 0.000000
Lens min focal length: 0.000000 mm
Lens max focal length: 0.000000 mm
Lens f-stop min      : f/0.0
Lens f-stop max      : f/0.0
Lens make            : 
Lens model           : 
Focal plane XRes     : 0.000000
Focal plane YRes     : 0.000000
