InteropIndex         : 
Camera make          : XIAOMI
Camera model         : MI3
Software             : 
Bits per sample      : 0
Color Space          : 1
Image width          : 4208
Image height         : 3120
Image description    : 
Image orientation    : 1
Image copyright      : 
Image date/time      : 2015:02:28 17:10:49
Original date/time   : 2015:02:28 17:10:49
Digitize date/time   : 2015:02:28 17:10:49
Subsecond time       : 
Exposure time        : 1/20 s
F-stop               : f/2.2
Exposure program     : 2
ISO speed            : 250
Subject distance     : 0.000000 m
Exposure bias        : 0.000000 EV
Flash used?          : 1
Flash returned light : 0
Flash mode           : 1
Metering mode        : 2
Lens focal length    : 3.510000 mm
35mm focal length    : 0 mm
GPS Latitude         : 0.000000 deg (0.000000 deg, 0.000000 min, 0.000000 sec ?)
GPS Longitude        : 0.000000 deg (0.000000 deg, 0.000000 min, 0.000000 sec ?)
GPS Altitude         : 0.000000 m
GPS Precision (DOP)  : 0.000000
Lens min focal length: 0.000000 mm
Lens max focal length: 0.000000 mm
Lens f-stop min      : f/0.0
Lens f-stop max      : f/0.0
Lens make            : 
Lens model           : 
Focal plane XRes     : 0.000000
Focal plane YRes     : 0.000000
