Camera make          : Canon
Camera model         : S40
Software             : 
Bits per sample      : 0
Image width          : 2272
Image height         : 1704
Image description    : 
Image orientation    : 1
Image copyright      : 
Image date/time      : 2003:12:14 12:01:44
Original date/time   : 2003:12:14 12:01:44
Digitize date/time   : 2003:12:14 12:01:44
Subsecond time       : 
Exposure time        : 1/500 s
F-stop               : f/4.9
ISO speed            : 0
Subject distance     : 0.000000 m
Exposure bias        : 0.000000 EV
Flash used?          : 0
Metering mode        : 2
Lens focal length    : 21.300000 mm
35mm focal length    : 0 mm
GPS Latitude         : 0.000000 deg (0.000000 deg, 0.000000 min, 0.000000 sec ?)
GPS Longitude        : 0.000000 deg (0.000000 deg, 0.000000 min, 0.000000 sec ?)
GPS Altitude         : 0.000000 m
GPS Precision (DOP)  : 0.000000
Lens min focal length: 0.000000 mm
Lens max focal length: 0.000000 mm
Lens f-stop min      : f/0.0
Lens f-stop max      : f/0.0
Lens make            : 
Lens model           : 
Focal plane XRes     : 8114.285714
Focal plane YRes     : 8114.285714
