Camera make          : SONY
Camera model         : ILCE-6000
Software             : ILCE-6000 v1.00
Bits per sample      : 0
Image width          : 6000
Image height         : 4000
Image description    :                                
Image orientation    : 1
Image copyright      : 
Image date/time      : 2014:04:18 20:33:53
Original date/time   : 2014:04:18 20:33:53
Digitize date/time   : 2014:04:18 20:33:53
Subsecond time       : 
Exposure time        : 1/0 s
F-stop               : f/8.0
ISO speed            : 100
Subject distance     : 0.000000 m
Exposure bias        : 0.000000 EV
Flash used?          : 0
Metering mode        : 5
Lens focal length    : 22.000000 mm
35mm focal length    : 33 mm
GPS Latitude         : 0.000000 deg (0.000000 deg, 0.000000 min, 0.000000 sec ?)
GPS Longitude        : 0.000000 deg (0.000000 deg, 0.000000 min, 0.000000 sec ?)
GPS Altitude         : 0.000000 m
GPS Precision (DOP)  : 0.000000
Lens min focal length: 16.000000 mm
Lens max focal length: 50.000000 mm
Lens f-stop min      : f/3.5
Lens f-stop max      : f/5.6
Lens make            : 
Lens model           : E PZ 16-50mm F3.5-5.6 OSS
Focal plane XRes     : 0.000000
Focal plane YRes     : 0.000000
