InteropIndex         : R98
Camera make          : Canon
Camera model         : Canon EOS 600D
Software             : 
Bits per sample      : 0
Color Space          : 1
Image width          : 5184
Image height         : 3456
Image description    : 
Image orientation    : 1
Image copyright      : 
Image date/time      : 2019:03:13 17:44:29
Original date/time   : 2019:03:13 17:44:29
Digitize date/time   : 2019:03:13 17:44:29
Subsecond time       : 02
Exposure time        : 1/3 s
F-stop               : f/13.0
Exposure program     : 1
ISO speed            : 400
Subject distance     : 0.000000 m
Exposure bias        : 0.000000 EV
Flash used?          : 0
Flash returned light : 0
Flash mode           : 2
Metering mode        : 3
Lens focal length    : 50.000000 mm
35mm focal length    : 0 mm
GPS Latitude         : 0.000000 deg (0.000000 deg, 0.000000 min, 0.000000 sec ?)
GPS Longitude        : 0.000000 deg (0.000000 deg, 0.000000 min, 0.000000 sec ?)
GPS Altitude         : 0.000000 m
GPS Precision (DOP)  : 0.000000
Lens min focal length: 50.000000 mm
Lens max focal length: 50.000000 mm
Lens f-stop min      : f/0.0
Lens f-stop max      : f/0.0
Lens make            : 
Lens model           : EF50mm f/1.8 STM
Focal plane XRes     : 5728.176796
Focal plane YRes     : 5808.403361
