Camera make          : Apple
Camera model         : iPhone 4S
Software             : 6.0.1
Bits per sample      : 0
Image width          : 3264
Image height         : 2448
Image description    : 
Image orientation    : 1
Image copyright      : 
Image date/time      : 2012:12:22 19:40:02
Original date/time   : 2012:12:22 19:40:02
Digitize date/time   : 2012:12:22 19:40:02
Subsecond time       : 
Exposure time        : 1/15 s
F-stop               : f/2.4
ISO speed            : 500
Subject distance     : 0.000000 m
Exposure bias        : 0.000000 EV
Flash used?          : 0
Metering mode        : 5
Lens focal length    : 4.280000 mm
35mm focal length    : 35 mm
GPS Latitude         : 37.776333 deg (37.000000 deg, 46.580000 min, 0.000000 sec N)
GPS Longitude        : -122.419667 deg (122.000000 deg, 25.180000 min, 0.000000 sec W)
GPS Altitude         : 15.833345 m
GPS Precision (DOP)  : 0.000000
Lens min focal length: 0.000000 mm
Lens max focal length: 0.000000 mm
Lens f-stop min      : f/0.0
Lens f-stop max      : f/0.0
Lens make            : 
Lens model           : 
Focal plane XRes     : 0.000000
Focal plane YRes     : 0.000000
